// Jest Snapshot v1, https://goo.gl/fbAQLP

exports[`[Component] CurrencyForm should match the snapshot 1`] = `
<div
  className="StyledBox-sc-13pk1d4-0 cfvjOn"
>
  <div
    className="StyledBox-sc-13pk1d4-0 eitMOG"
  >
    <div
      className="StyledBox-sc-13pk1d4-0 irGvOS"
    >
      
    </div>
    <div
      className="StyledBox-sc-13pk1d4-0 jJdKAu"
    >
      <input
        className="sc-AxjAm kcUFxv"
        name="inGoing"
        onChange={[MockFunction]}
        placeholder="0"
        type="number"
        value=""
      />
    </div>
  </div>
</div>
`;
